stm32wlxx_ll_pwr.h:706:22:LL_PWR_EnableSRAM2Retention	8	static
stm32wlxx_ll_pwr.h:716:22:LL_PWR_DisableSRAM2Retention	8	static
stm32wlxx_ll_pwr.h:1273:22:LL_PWR_SetRadioBusyPolarity	16	static
stm32wlxx_ll_pwr.h:1421:22:LL_C2_PWR_SetRadioBusyTrigger	16	static
stm32wlxx_ll_pwr.h:1449:22:LL_C2_PWR_SetRadioIRQTrigger	16	static
stm32wlxx_ll_pwr.h:1483:22:LL_PWR_EnableBootC2	8	static
stm32wlxx_ll_pwr.h:1494:22:LL_PWR_DisableBootC2	8	static
stm32wlxx_ll_pwr.h:1722:22:LL_C2_PWR_EnableWPVD	8	static
stm32wlxx_ll_pwr.h:1732:22:LL_C2_PWR_DisableWPVD	8	static
stm32wlxx_ll_pwr.h:1753:22:LL_PWR_C2_EnableWakeUp_ILAC	8	static
stm32wlxx_ll_pwr.h:1764:22:LL_PWR_C2_DisableWakeUp_ILAC	8	static
stm32wlxx_ll_pwr.h:1776:26:LL_PWR_C2_IsEnabledWakeUp_ILAC	8	static
stm32wlxx_ll_exti.h:363:22:LL_C2_EXTI_EnableIT_32_63	16	static
stm32wlxx_ll_exti.h:505:22:LL_C2_EXTI_DisableIT_32_63	16	static
stm32wlxx_ll_exti.h:847:22:LL_C2_EXTI_DisableEvent_32_63	16	static
stm32wlxx_ll_exti.h:1012:22:LL_EXTI_EnableRisingTrig_32_63	16	static
stm32wlxx_ll_exti.h:1073:22:LL_EXTI_DisableRisingTrig_32_63	16	static
stm32wlxx_ll_exti.h:1187:22:LL_EXTI_EnableFallingTrig_32_63	16	static
stm32wlxx_ll_exti.h:1245:22:LL_EXTI_DisableFallingTrig_32_63	16	static
stm32wlxx_ll_exti.h:1447:26:LL_EXTI_ReadFlag_0_31	16	static
stm32wlxx_ll_exti.h:1464:26:LL_EXTI_ReadFlag_32_63	16	static
stm32wlxx_ll_exti.h:1497:22:LL_EXTI_ClearFlag_0_31	16	static
stm32wlxx_ll_exti.h:1514:22:LL_EXTI_ClearFlag_32_63	16	static
stm32wlxx_hal_pwr_ex.c:84:10:HAL_PWREx_GetVoltageRange	8	static
stm32wlxx_hal_pwr_ex.c:109:19:HAL_PWREx_ControlVoltageScaling	24	static
stm32wlxx_hal_pwr_ex.c:159:6:HAL_PWREx_EnableBatteryCharging	16	static
stm32wlxx_hal_pwr_ex.c:174:6:HAL_PWREx_DisableBatteryCharging	8	static
stm32wlxx_hal_pwr_ex.c:185:6:HAL_PWREx_EnableInternalWakeUpLine	8	static
stm32wlxx_hal_pwr_ex.c:198:6:HAL_PWREx_DisableInternalWakeUpLine	8	static
stm32wlxx_hal_pwr_ex.c:214:6:HAL_PWREx_SetRadioBusyPolarity	16	static
stm32wlxx_hal_pwr_ex.c:232:6:HAL_PWREx_SetRadioBusyTrigger	16	static
stm32wlxx_hal_pwr_ex.c:252:6:HAL_PWREx_SetRadioIRQTrigger	16	static
stm32wlxx_hal_pwr_ex.c:269:6:HAL_PWREx_EnableHOLDC2IT	8	static
stm32wlxx_hal_pwr_ex.c:278:6:HAL_PWREx_DisableHOLDC2IT	8	static
stm32wlxx_hal_pwr_ex.c:307:19:HAL_PWREx_EnableGPIOPullUp	24	static
stm32wlxx_hal_pwr_ex.c:355:19:HAL_PWREx_DisableGPIOPullUp	24	static
stm32wlxx_hal_pwr_ex.c:405:19:HAL_PWREx_EnableGPIOPullDown	24	static
stm32wlxx_hal_pwr_ex.c:453:19:HAL_PWREx_DisableGPIOPullDown	24	static
stm32wlxx_hal_pwr_ex.c:492:6:HAL_PWREx_EnablePullUpPullDownConfig	8	static
stm32wlxx_hal_pwr_ex.c:507:6:HAL_PWREx_DisablePullUpPullDownConfig	8	static
stm32wlxx_hal_pwr_ex.c:527:6:HAL_PWREx_HoldCore	16	static
stm32wlxx_hal_pwr_ex.c:542:6:HAL_PWREx_ReleaseCore	16	static
stm32wlxx_hal_pwr_ex.c:557:6:HAL_PWREx_EnableWakeUp_ILAC	8	static
stm32wlxx_hal_pwr_ex.c:567:6:HAL_PWREx_DisableWakeUp_ILAC	8	static
stm32wlxx_hal_pwr_ex.c:578:10:HAL_PWREx_IsEnabledWakeUp_ILAC	8	static
stm32wlxx_hal_pwr_ex.c:592:6:HAL_PWREx_EnableSRAMRetention	8	static
stm32wlxx_hal_pwr_ex.c:603:6:HAL_PWREx_DisableSRAMRetention	8	static
stm32wlxx_hal_pwr_ex.c:619:6:HAL_PWREx_EnableFlashPowerDown	16	static
stm32wlxx_hal_pwr_ex.c:654:6:HAL_PWREx_DisableFlashPowerDown	16	static
stm32wlxx_hal_pwr_ex.c:674:6:HAL_PWREx_EnableWPVD	8	static
stm32wlxx_hal_pwr_ex.c:687:6:HAL_PWREx_DisableWPVD	8	static
stm32wlxx_hal_pwr_ex.c:704:6:HAL_PWREx_EnableBORPVD_ULP	8	static
stm32wlxx_hal_pwr_ex.c:716:6:HAL_PWREx_DisableBORPVD_ULP	8	static
stm32wlxx_hal_pwr_ex.c:727:6:HAL_PWREx_EnablePVM3	8	static
stm32wlxx_hal_pwr_ex.c:736:6:HAL_PWREx_DisablePVM3	8	static
stm32wlxx_hal_pwr_ex.c:753:19:HAL_PWREx_ConfigPVM	24	static
stm32wlxx_hal_pwr_ex.c:809:6:HAL_PWREx_SetRadioEOL	16	static
stm32wlxx_hal_pwr_ex.c:824:6:HAL_PWREx_SMPS_SetMode	16	static
stm32wlxx_hal_pwr_ex.c:840:10:HAL_PWREx_SMPS_GetEffectiveMode	8	static
stm32wlxx_hal_pwr_ex.c:855:6:HAL_PWREx_EnableLowPowerRunMode	8	static
stm32wlxx_hal_pwr_ex.c:869:19:HAL_PWREx_DisableLowPowerRunMode	16	static
stm32wlxx_hal_pwr_ex.c:916:6:HAL_PWREx_EnterSTOP0Mode	16	static,ignoring_inline_asm
stm32wlxx_hal_pwr_ex.c:975:6:HAL_PWREx_EnterSTOP1Mode	16	static,ignoring_inline_asm
stm32wlxx_hal_pwr_ex.c:1034:6:HAL_PWREx_EnterSTOP2Mode	16	static,ignoring_inline_asm
stm32wlxx_hal_pwr_ex.c:1079:6:HAL_PWREx_EnterSHUTDOWNMode	8	static,ignoring_inline_asm
stm32wlxx_hal_pwr_ex.c:1114:6:HAL_PWREx_PVD_PVM_IRQHandler	8	static
stm32wlxx_hal_pwr_ex.c:1140:13:HAL_PWREx_PVM3Callback	8	static
