Archive member included to satisfy reference by file (symbol)

c:/st/stm32cubeide_1.8.0/stm32cubeide/plugins/com.st.stm32cube.ide.mcu.externaltools.gnu-tools-for-stm32.9-2020-q2-update.win32_2.0.0.202105311346/tools/bin/../lib/gcc/arm-none-eabi/9.3.1/../../../../arm-none-eabi/lib/thumb/v6-m/nofp\libc_nano.a(lib_a-errno.o)
                              ./Core/Src/syscalls.o (__errno)
c:/st/stm32cubeide_1.8.0/stm32cubeide/plugins/com.st.stm32cube.ide.mcu.externaltools.gnu-tools-for-stm32.9-2020-q2-update.win32_2.0.0.202105311346/tools/bin/../lib/gcc/arm-none-eabi/9.3.1/../../../../arm-none-eabi/lib/thumb/v6-m/nofp\libc_nano.a(lib_a-exit.o)
                              c:/st/stm32cubeide_1.8.0/stm32cubeide/plugins/com.st.stm32cube.ide.mcu.externaltools.gnu-tools-for-stm32.9-2020-q2-update.win32_2.0.0.202105311346/tools/bin/../lib/gcc/arm-none-eabi/9.3.1/../../../../arm-none-eabi/lib/thumb/v6-m/nofp/crt0.o (exit)
c:/st/stm32cubeide_1.8.0/stm32cubeide/plugins/com.st.stm32cube.ide.mcu.externaltools.gnu-tools-for-stm32.9-2020-q2-update.win32_2.0.0.202105311346/tools/bin/../lib/gcc/arm-none-eabi/9.3.1/../../../../arm-none-eabi/lib/thumb/v6-m/nofp\libc_nano.a(lib_a-impure.o)
                              c:/st/stm32cubeide_1.8.0/stm32cubeide/plugins/com.st.stm32cube.ide.mcu.externaltools.gnu-tools-for-stm32.9-2020-q2-update.win32_2.0.0.202105311346/tools/bin/../lib/gcc/arm-none-eabi/9.3.1/../../../../arm-none-eabi/lib/thumb/v6-m/nofp\libc_nano.a(lib_a-exit.o) (_global_impure_ptr)
c:/st/stm32cubeide_1.8.0/stm32cubeide/plugins/com.st.stm32cube.ide.mcu.externaltools.gnu-tools-for-stm32.9-2020-q2-update.win32_2.0.0.202105311346/tools/bin/../lib/gcc/arm-none-eabi/9.3.1/../../../../arm-none-eabi/lib/thumb/v6-m/nofp\libc_nano.a(lib_a-init.o)
                              c:/st/stm32cubeide_1.8.0/stm32cubeide/plugins/com.st.stm32cube.ide.mcu.externaltools.gnu-tools-for-stm32.9-2020-q2-update.win32_2.0.0.202105311346/tools/bin/../lib/gcc/arm-none-eabi/9.3.1/../../../../arm-none-eabi/lib/thumb/v6-m/nofp/crt0.o (__libc_init_array)
c:/st/stm32cubeide_1.8.0/stm32cubeide/plugins/com.st.stm32cube.ide.mcu.externaltools.gnu-tools-for-stm32.9-2020-q2-update.win32_2.0.0.202105311346/tools/bin/../lib/gcc/arm-none-eabi/9.3.1/../../../../arm-none-eabi/lib/thumb/v6-m/nofp\libc_nano.a(lib_a-memset.o)
                              c:/st/stm32cubeide_1.8.0/stm32cubeide/plugins/com.st.stm32cube.ide.mcu.externaltools.gnu-tools-for-stm32.9-2020-q2-update.win32_2.0.0.202105311346/tools/bin/../lib/gcc/arm-none-eabi/9.3.1/../../../../arm-none-eabi/lib/thumb/v6-m/nofp/crt0.o (memset)
c:/st/stm32cubeide_1.8.0/stm32cubeide/plugins/com.st.stm32cube.ide.mcu.externaltools.gnu-tools-for-stm32.9-2020-q2-update.win32_2.0.0.202105311346/tools/bin/../lib/gcc/arm-none-eabi/9.3.1/thumb/v6-m/nofp\libgcc.a(_udivsi3.o)
                              ./Common/System/system_stm32wlxx.o (__aeabi_uidiv)
c:/st/stm32cubeide_1.8.0/stm32cubeide/plugins/com.st.stm32cube.ide.mcu.externaltools.gnu-tools-for-stm32.9-2020-q2-update.win32_2.0.0.202105311346/tools/bin/../lib/gcc/arm-none-eabi/9.3.1/thumb/v6-m/nofp\libgcc.a(_dvmd_tls.o)
                              c:/st/stm32cubeide_1.8.0/stm32cubeide/plugins/com.st.stm32cube.ide.mcu.externaltools.gnu-tools-for-stm32.9-2020-q2-update.win32_2.0.0.202105311346/tools/bin/../lib/gcc/arm-none-eabi/9.3.1/thumb/v6-m/nofp\libgcc.a(_udivsi3.o) (__aeabi_idiv0)

Allocating common symbols
Common symbol       size              file

uwTick              0x4               ./Drivers/STM32WLxx_HAL_Driver/stm32wlxx_hal.o

Discarded input sections

 .text          0x0000000000000000        0x0 c:/st/stm32cubeide_1.8.0/stm32cubeide/plugins/com.st.stm32cube.ide.mcu.externaltools.gnu-tools-for-stm32.9-2020-q2-update.win32_2.0.0.202105311346/tools/bin/../lib/gcc/arm-none-eabi/9.3.1/thumb/v6-m/nofp/crti.o
 .data          0x0000000000000000        0x0 c:/st/stm32cubeide_1.8.0/stm32cubeide/plugins/com.st.stm32cube.ide.mcu.externaltools.gnu-tools-for-stm32.9-2020-q2-update.win32_2.0.0.202105311346/tools/bin/../lib/gcc/arm-none-eabi/9.3.1/thumb/v6-m/nofp/crti.o
 .bss           0x0000000000000000        0x0 c:/st/stm32cubeide_1.8.0/stm32cubeide/plugins/com.st.stm32cube.ide.mcu.externaltools.gnu-tools-for-stm32.9-2020-q2-update.win32_2.0.0.202105311346/tools/bin/../lib/gcc/arm-none-eabi/9.3.1/thumb/v6-m/nofp/crti.o
 .data          0x0000000000000000        0x4 c:/st/stm32cubeide_1.8.0/stm32cubeide/plugins/com.st.stm32cube.ide.mcu.externaltools.gnu-tools-for-stm32.9-2020-q2-update.win32_2.0.0.202105311346/tools/bin/../lib/gcc/arm-none-eabi/9.3.1/thumb/v6-m/nofp/crtbegin.o
 .text          0x0000000000000000       0x80 c:/st/stm32cubeide_1.8.0/stm32cubeide/plugins/com.st.stm32cube.ide.mcu.externaltools.gnu-tools-for-stm32.9-2020-q2-update.win32_2.0.0.202105311346/tools/bin/../lib/gcc/arm-none-eabi/9.3.1/../../../../arm-none-eabi/lib/thumb/v6-m/nofp/crt0.o
[...]
Memory Configuration

Name             Origin             Length             Attributes
RAM              0x0000000020008000 0x0000000000008000 xrw
FLASH            0x0000000008020000 0x0000000000020000 xr
*default*        0x0000000000000000 0xffffffffffffffff

Linker script and memory map

LOAD c:/st/stm32cubeide_1.8.0/stm32cubeide/plugins/com.st.stm32cube.ide.mcu.externaltools.gnu-tools-for-stm32.9-2020-q2-update.win32_2.0.0.202105311346/tools/bin/../lib/gcc/arm-none-eabi/9.3.1/thumb/v6-m/nofp/crti.o
LOAD c:/st/stm32cubeide_1.8.0/stm32cubeide/plugins/com.st.stm32cube.ide.mcu.externaltools.gnu-tools-for-stm32.9-2020-q2-update.win32_2.0.0.202105311346/tools/bin/../lib/gcc/arm-none-eabi/9.3.1/thumb/v6-m/nofp/crtbegin.o
LOAD c:/st/stm32cubeide_1.8.0/stm32cubeide/plugins/com.st.stm32cube.ide.mcu.externaltools.gnu-tools-for-stm32.9-2020-q2-update.win32_2.0.0.202105311346/tools/bin/../lib/gcc/arm-none-eabi/9.3.1/../../../../arm-none-eabi/lib/thumb/v6-m/nofp/crt0.o
LOAD ./Common/System/system_stm32wlxx.o
LOAD ./Core/Src/main.o
LOAD ./Core/Src/stm32wlxx_hal_msp.o
LOAD ./Core/Src/stm32wlxx_it.o
LOAD ./Core/Src/syscalls.o
LOAD ./Core/Src/sysmem.o
LOAD ./Core/Startup/startup_stm32wl55jcix.o
LOAD ./Drivers/STM32WLxx_HAL_Driver/stm32wlxx_hal.o
LOAD ./Drivers/STM32WLxx_HAL_Driver/stm32wlxx_hal_cortex.o
LOAD ./Drivers/STM32WLxx_HAL_Driver/stm32wlxx_hal_dma.o
LOAD ./Drivers/STM32WLxx_HAL_Driver/stm32wlxx_hal_dma_ex.o
LOAD ./Drivers/STM32WLxx_HAL_Driver/stm32wlxx_hal_exti.o
LOAD ./Drivers/STM32WLxx_HAL_Driver/stm32wlxx_hal_flash.o
LOAD ./Drivers/STM32WLxx_HAL_Driver/stm32wlxx_hal_flash_ex.o
LOAD ./Drivers/STM32WLxx_HAL_Driver/stm32wlxx_hal_gpio.o
LOAD ./Drivers/STM32WLxx_HAL_Driver/stm32wlxx_hal_pwr.o
LOAD ./Drivers/STM32WLxx_HAL_Driver/stm32wlxx_hal_pwr_ex.o
LOAD ./Drivers/STM32WLxx_HAL_Driver/stm32wlxx_hal_rcc.o
LOAD ./Drivers/STM32WLxx_HAL_Driver/stm32wlxx_hal_rcc_ex.o
LOAD ./Drivers/STM32WLxx_HAL_Driver/stm32wlxx_hal_tim.o
LOAD ./Drivers/STM32WLxx_HAL_Driver/stm32wlxx_hal_tim_ex.o
START GROUP
LOAD c:/st/stm32cubeide_1.8.0/stm32cubeide/plugins/com.st.stm32cube.ide.mcu.externaltools.gnu-tools-for-stm32.9-2020-q2-update.win32_2.0.0.202105311346/tools/bin/../lib/gcc/arm-none-eabi/9.3.1/../../../../arm-none-eabi/lib/thumb/v6-m/nofp\libc_nano.a
LOAD c:/st/stm32cubeide_1.8.0/stm32cubeide/plugins/com.st.stm32cube.ide.mcu.externaltools.gnu-tools-for-stm32.9-2020-q2-update.win32_2.0.0.202105311346/tools/bin/../lib/gcc/arm-none-eabi/9.3.1/../../../../arm-none-eabi/lib/thumb/v6-m/nofp\libm.a
END GROUP
START GROUP
LOAD c:/st/stm32cubeide_1.8.0/stm32cubeide/plugins/com.st.stm32cube.ide.mcu.externaltools.gnu-tools-for-stm32.9-2020-q2-update.win32_2.0.0.202105311346/tools/bin/../lib/gcc/arm-none-eabi/9.3.1/thumb/v6-m/nofp\libgcc.a
LOAD c:/st/stm32cubeide_1.8.0/stm32cubeide/plugins/com.st.stm32cube.ide.mcu.externaltools.gnu-tools-for-stm32.9-2020-q2-update.win32_2.0.0.202105311346/tools/bin/../lib/gcc/arm-none-eabi/9.3.1/../../../../arm-none-eabi/lib/thumb/v6-m/nofp\libc_nano.a
END GROUP
START GROUP
LOAD c:/st/stm32cubeide_1.8.0/stm32cubeide/plugins/com.st.stm32cube.ide.mcu.externaltools.gnu-tools-for-stm32.9-2020-q2-update.win32_2.0.0.202105311346/tools/bin/../lib/gcc/arm-none-eabi/9.3.1/thumb/v6-m/nofp\libgcc.a
LOAD c:/st/stm32cubeide_1.8.0/stm32cubeide/plugins/com.st.stm32cube.ide.mcu.externaltools.gnu-tools-for-stm32.9-2020-q2-update.win32_2.0.0.202105311346/tools/bin/../lib/gcc/arm-none-eabi/9.3.1/../../../../arm-none-eabi/lib/thumb/v6-m/nofp\libc_nano.a
LOAD c:/st/stm32cubeide_1.8.0/stm32cubeide/plugins/com.st.stm32cube.ide.mcu.externaltools.gnu-tools-for-stm32.9-2020-q2-update.win32_2.0.0.202105311346/tools/bin/../lib/gcc/arm-none-eabi/9.3.1/../../../../arm-none-eabi/lib/thumb/v6-m/nofp\libnosys.a
END GROUP
START GROUP
LOAD c:/st/stm32cubeide_1.8.0/stm32cubeide/plugins/com.st.stm32cube.ide.mcu.externaltools.gnu-tools-for-stm32.9-2020-q2-update.win32_2.0.0.202105311346/tools/bin/../lib/gcc/arm-none-eabi/9.3.1/thumb/v6-m/nofp\libgcc.a
LOAD c:/st/stm32cubeide_1.8.0/stm32cubeide/plugins/com.st.stm32cube.ide.mcu.externaltools.gnu-tools-for-stm32.9-2020-q2-update.win32_2.0.0.202105311346/tools/bin/../lib/gcc/arm-none-eabi/9.3.1/../../../../arm-none-eabi/lib/thumb/v6-m/nofp\libc_nano.a
LOAD c:/st/stm32cubeide_1.8.0/stm32cubeide/plugins/com.st.stm32cube.ide.mcu.externaltools.gnu-tools-for-stm32.9-2020-q2-update.win32_2.0.0.202105311346/tools/bin/../lib/gcc/arm-none-eabi/9.3.1/../../../../arm-none-eabi/lib/thumb/v6-m/nofp\libnosys.a
END GROUP
LOAD c:/st/stm32cubeide_1.8.0/stm32cubeide/plugins/com.st.stm32cube.ide.mcu.externaltools.gnu-tools-for-stm32.9-2020-q2-update.win32_2.0.0.202105311346/tools/bin/../lib/gcc/arm-none-eabi/9.3.1/thumb/v6-m/nofp/crtend.o
LOAD c:/st/stm32cubeide_1.8.0/stm32cubeide/plugins/com.st.stm32cube.ide.mcu.externaltools.gnu-tools-for-stm32.9-2020-q2-update.win32_2.0.0.202105311346/tools/bin/../lib/gcc/arm-none-eabi/9.3.1/thumb/v6-m/nofp/crtn.o
                0x0000000020010000                _estack = (ORIGIN (RAM) + LENGTH (RAM))
                0x0000000000000200                _Min_Heap_Size = 0x200
                0x0000000000000400                _Min_Stack_Size = 0x400

.isr_vector     0x0000000008020000       0xc0
                0x0000000008020000                . = ALIGN (0x4)
 *(.isr_vector)
 .isr_vector    0x0000000008020000       0xc0 ./Core/Startup/startup_stm32wl55jcix.o
                0x0000000008020000                g_pfnVectors
                0x00000000080200c0                . = ALIGN (0x4)

.text           0x00000000080200c0      0x760
                0x00000000080200c0                . = ALIGN (0x4)
 *(.text)
 .text          0x00000000080200c0       0x48 c:/st/stm32cubeide_1.8.0/stm32cubeide/plugins/com.st.stm32cube.ide.mcu.externaltools.gnu-tools-for-stm32.9-2020-q2-update.win32_2.0.0.202105311346/tools/bin/../lib/gcc/arm-none-eabi/9.3.1/thumb/v6-m/nofp/crtbegin.o
 .text          0x0000000008020108      0x114 c:/st/stm32cubeide_1.8.0/stm32cubeide/plugins/com.st.stm32cube.ide.mcu.externaltools.gnu-tools-for-stm32.9-2020-q2-update.win32_2.0.0.202105311346/tools/bin/../lib/gcc/arm-none-eabi/9.3.1/thumb/v6-m/nofp\libgcc.a(_udivsi3.o)
                0x0000000008020108                __aeabi_uidiv
                0x0000000008020108                __udivsi3
                0x0000000008020214                __aeabi_uidivmod
 .text          0x000000000802021c        0x4 c:/st/stm32cubeide_1.8.0/stm32cubeide/plugins/com.st.stm32cube.ide.mcu.externaltools.gnu-tools-for-stm32.9-2020-q2-update.win32_2.0.0.202105311346/tools/bin/../lib/gcc/arm-none-eabi/9.3.1/thumb/v6-m/nofp\libgcc.a(_dvmd_tls.o)
                0x000000000802021c                __aeabi_idiv0
                0x000000000802021c                __aeabi_ldiv0
 *(.text*)
 .text.SystemInit
                0x0000000008020220        0xa ./Common/System/system_stm32wlxx.o
                0x0000000008020220                SystemInit
 .text.main     0x000000000802022a        0xe ./Core/Src/main.o
                0x000000000802022a                main
 .text.MX_GPIO_Init
                0x0000000008020238        0xa ./Core/Src/main.o
 .text.assert_failed
                0x0000000008020242       0x12 ./Core/Src/main.o
                0x0000000008020242                assert_failed
 .text.HAL_MspInit
                0x0000000008020254        0xa ./Core/Src/stm32wlxx_hal_msp.o
                0x0000000008020254                HAL_MspInit
 .text.NMI_Handler
                0x000000000802025e        0x6 ./Core/Src/stm32wlxx_it.o
                0x000000000802025e                NMI_Handler
 .text.HardFault_Handler
                0x0000000008020264        0x6 ./Core/Src/stm32wlxx_it.o
                0x0000000008020264                HardFault_Handler
 .text.SVC_Handler
                0x000000000802026a        0xa ./Core/Src/stm32wlxx_it.o
                0x000000000802026a                SVC_Handler
 .text.PendSV_Handler
                0x0000000008020274        0xa ./Core/Src/stm32wlxx_it.o
                0x0000000008020274                PendSV_Handler
 .text.SysTick_Handler
                0x000000000802027e        0xe ./Core/Src/stm32wlxx_it.o
                0x000000000802027e                SysTick_Handler
 .text.Reset_Handler
                0x000000000802028c       0x50 ./Core/Startup/startup_stm32wl55jcix.o
                0x000000000802028c                Reset_Handler
 .text.Default_Handler
                0x00000000080202dc        0x2 ./Core/Startup/startup_stm32wl55jcix.o
                0x00000000080202dc                I2C1_IRQHandler
                0x00000000080202dc                LPTIM2_IRQHandler
                0x00000000080202dc                LPTIM3_IRQHandler
                0x00000000080202dc                AES_PKA_IRQHandler
                0x00000000080202dc                SPI1_IRQHandler
                0x00000000080202dc                ADC_COMP_DAC_IRQHandler
                0x00000000080202dc                I2C2_IRQHandler
                0x00000000080202dc                TIM17_IRQHandler
                0x00000000080202dc                EXTI15_4_IRQHandler
                0x00000000080202dc                RCC_FLASH_C1SEV_IRQHandler
                0x00000000080202dc                SUBGHZSPI_IRQHandler
                0x00000000080202dc                DMA1_Channel4_5_6_7_IRQHandler
                0x00000000080202dc                SUBGHZ_Radio_IRQHandler
                0x00000000080202dc                EXTI1_0_IRQHandler
                0x00000000080202dc                TIM16_IRQHandler
                0x00000000080202dc                Default_Handler
                0x00000000080202dc                TIM1_IRQHandler
                0x00000000080202dc                IPCC_C2_RX_C2_TX_IRQHandler
                0x00000000080202dc                RTC_LSECSS_IRQHandler
                0x00000000080202dc                I2C3_IRQHandler
                0x00000000080202dc                PVD_PVM_IRQHandler
                0x00000000080202dc                SPI2_IRQHandler
                0x00000000080202dc                DMA2_DMAMUX1_OVR_IRQHandler
                0x00000000080202dc                EXTI3_2_IRQHandler
                0x00000000080202dc                RNG_IRQHandler
                0x00000000080202dc                HSEM_IRQHandler
                0x00000000080202dc                LPUART1_IRQHandler
                0x00000000080202dc                TIM2_IRQHandler
                0x00000000080202dc                TZIC_ILA_IRQHandler
                0x00000000080202dc                USART2_IRQHandler
                0x00000000080202dc                USART1_IRQHandler
                0x00000000080202dc                DMA1_Channel1_2_3_IRQHandler
                0x00000000080202dc                LPTIM1_IRQHandler
 *fill*         0x00000000080202de        0x2 
 .text.HAL_Init
                0x00000000080202e0       0x3c ./Drivers/STM32WLxx_HAL_Driver/stm32wlxx_hal.o
                0x00000000080202e0                HAL_Init
 .text.HAL_InitTick
                0x000000000802031c       0x90 ./Drivers/STM32WLxx_HAL_Driver/stm32wlxx_hal.o
                0x000000000802031c                HAL_InitTick
 .text.HAL_IncTick
                0x00000000080203ac       0x24 ./Drivers/STM32WLxx_HAL_Driver/stm32wlxx_hal.o
                0x00000000080203ac                HAL_IncTick
 .text.__NVIC_SetPriority
                0x00000000080203d0       0xdc ./Drivers/STM32WLxx_HAL_Driver/stm32wlxx_hal_cortex.o
 .text.SysTick_Config
                0x00000000080204ac       0x48 ./Drivers/STM32WLxx_HAL_Driver/stm32wlxx_hal_cortex.o
 .text.HAL_NVIC_SetPriority
                0x00000000080204f4       0x40 ./Drivers/STM32WLxx_HAL_Driver/stm32wlxx_hal_cortex.o
                0x00000000080204f4                HAL_NVIC_SetPriority
 .text.HAL_SYSTICK_Config
                0x0000000008020534       0x1a ./Drivers/STM32WLxx_HAL_Driver/stm32wlxx_hal_cortex.o
                0x0000000008020534                HAL_SYSTICK_Config
 .text.LL_RCC_HSE_IsEnabledDiv2
                0x000000000802054e       0x24 ./Drivers/STM32WLxx_HAL_Driver/stm32wlxx_hal_rcc.o
 .text.LL_RCC_MSI_IsEnabledRangeSelect
                0x0000000008020572       0x1e ./Drivers/STM32WLxx_HAL_Driver/stm32wlxx_hal_rcc.o
 .text.LL_RCC_MSI_GetRange
                0x0000000008020590       0x14 ./Drivers/STM32WLxx_HAL_Driver/stm32wlxx_hal_rcc.o
 .text.LL_RCC_MSI_GetRangeAfterStandby
                0x00000000080205a4       0x18 ./Drivers/STM32WLxx_HAL_Driver/stm32wlxx_hal_rcc.o
 .text.LL_RCC_GetSysClkSource
                0x00000000080205bc       0x14 ./Drivers/STM32WLxx_HAL_Driver/stm32wlxx_hal_rcc.o
 .text.LL_C2_RCC_GetAHBPrescaler
                0x00000000080205d0       0x18 ./Drivers/STM32WLxx_HAL_Driver/stm32wlxx_hal_rcc.o
 .text.LL_RCC_PLL_GetN
                0x00000000080205e8       0x16 ./Drivers/STM32WLxx_HAL_Driver/stm32wlxx_hal_rcc.o
 .text.LL_RCC_PLL_GetR
                0x00000000080205fe       0x14 ./Drivers/STM32WLxx_HAL_Driver/stm32wlxx_hal_rcc.o
 .text.LL_RCC_PLL_GetDivider
                0x0000000008020612       0x14 ./Drivers/STM32WLxx_HAL_Driver/stm32wlxx_hal_rcc.o
 .text.LL_RCC_PLL_GetMainSource
                0x0000000008020626       0x14 ./Drivers/STM32WLxx_HAL_Driver/stm32wlxx_hal_rcc.o
 *fill*         0x000000000802063a        0x2 
 .text.HAL_RCC_GetSysClockFreq
                0x000000000802063c      0x154 ./Drivers/STM32WLxx_HAL_Driver/stm32wlxx_hal_rcc.o
                0x000000000802063c                HAL_RCC_GetSysClockFreq
 .text.HAL_RCC_GetHCLK2Freq
                0x0000000008020790       0x30 ./Drivers/STM32WLxx_HAL_Driver/stm32wlxx_hal_rcc.o
                0x0000000008020790                HAL_RCC_GetHCLK2Freq
 .text.__libc_init_array
                0x00000000080207c0       0x48 c:/st/stm32cubeide_1.8.0/stm32cubeide/plugins/com.st.stm32cube.ide.mcu.externaltools.gnu-tools-for-stm32.9-2020-q2-update.win32_2.0.0.202105311346/tools/bin/../lib/gcc/arm-none-eabi/9.3.1/../../../../arm-none-eabi/lib/thumb/v6-m/nofp\libc_nano.a(lib_a-init.o)
                0x00000000080207c0                __libc_init_array
 *(.glue_7)
 .glue_7        0x0000000008020808        0x0 linker stubs
 *(.glue_7t)
 .glue_7t       0x0000000008020808        0x0 linker stubs
 *(.eh_frame)
 .eh_frame      0x0000000008020808        0x0 c:/st/stm32cubeide_1.8.0/stm32cubeide/plugins/com.st.stm32cube.ide.mcu.externaltools.gnu-tools-for-stm32.9-2020-q2-update.win32_2.0.0.202105311346/tools/bin/../lib/gcc/arm-none-eabi/9.3.1/thumb/v6-m/nofp/crtbegin.o
 *(.init)
 .init          0x0000000008020808        0x4 c:/st/stm32cubeide_1.8.0/stm32cubeide/plugins/com.st.stm32cube.ide.mcu.externaltools.gnu-tools-for-stm32.9-2020-q2-update.win32_2.0.0.202105311346/tools/bin/../lib/gcc/arm-none-eabi/9.3.1/thumb/v6-m/nofp/crti.o
                0x0000000008020808                _init
 .init          0x000000000802080c        0x8 c:/st/stm32cubeide_1.8.0/stm32cubeide/plugins/com.st.stm32cube.ide.mcu.externaltools.gnu-tools-for-stm32.9-2020-q2-update.win32_2.0.0.202105311346/tools/bin/../lib/gcc/arm-none-eabi/9.3.1/thumb/v6-m/nofp/crtn.o
 *(.fini)
 .fini          0x0000000008020814        0x4 c:/st/stm32cubeide_1.8.0/stm32cubeide/plugins/com.st.stm32cube.ide.mcu.externaltools.gnu-tools-for-stm32.9-2020-q2-update.win32_2.0.0.202105311346/tools/bin/../lib/gcc/arm-none-eabi/9.3.1/thumb/v6-m/nofp/crti.o
                0x0000000008020814                _fini
 .fini          0x0000000008020818        0x8 c:/st/stm32cubeide_1.8.0/stm32cubeide/plugins/com.st.stm32cube.ide.mcu.externaltools.gnu-tools-for-stm32.9-2020-q2-update.win32_2.0.0.202105311346/tools/bin/../lib/gcc/arm-none-eabi/9.3.1/thumb/v6-m/nofp/crtn.o
                0x0000000008020820                . = ALIGN (0x4)
                0x0000000008020820                _etext = .

.vfp11_veneer   0x0000000008020820        0x0
 .vfp11_veneer  0x0000000008020820        0x0 linker stubs

.v4_bx          0x0000000008020820        0x0
 .v4_bx         0x0000000008020820        0x0 linker stubs

.iplt           0x0000000008020820        0x0
 .iplt          0x0000000008020820        0x0 c:/st/stm32cubeide_1.8.0/stm32cubeide/plugins/com.st.stm32cube.ide.mcu.externaltools.gnu-tools-for-stm32.9-2020-q2-update.win32_2.0.0.202105311346/tools/bin/../lib/gcc/arm-none-eabi/9.3.1/thumb/v6-m/nofp/crtbegin.o

.rodata         0x0000000008020820       0xf8
                0x0000000008020820                . = ALIGN (0x4)
 *(.rodata)
 .rodata        0x0000000008020820       0x76 ./Drivers/STM32WLxx_HAL_Driver/stm32wlxx_hal_cortex.o
 *(.rodata*)
 *fill*         0x0000000008020896        0x2 
 .rodata.AHBPrescTable
                0x0000000008020898       0x40 ./Common/System/system_stm32wlxx.o
                0x0000000008020898                AHBPrescTable
 .rodata.MSIRangeTable
                0x00000000080208d8       0x40 ./Common/System/system_stm32wlxx.o
                0x00000000080208d8                MSIRangeTable
                0x0000000008020918                . = ALIGN (0x4)

.rel.dyn        0x0000000008020918        0x0
 .rel.iplt      0x0000000008020918        0x0 c:/st/stm32cubeide_1.8.0/stm32cubeide/plugins/com.st.stm32cube.ide.mcu.externaltools.gnu-tools-for-stm32.9-2020-q2-update.win32_2.0.0.202105311346/tools/bin/../lib/gcc/arm-none-eabi/9.3.1/thumb/v6-m/nofp/crtbegin.o

.ARM.extab      0x0000000008020918        0x0
                0x0000000008020918                . = ALIGN (0x4)
 *(.ARM.extab* .gnu.linkonce.armextab.*)
                0x0000000008020918                . = ALIGN (0x4)

.ARM            0x0000000008020918        0x0
                0x0000000008020918                . = ALIGN (0x4)
                0x0000000008020918                __exidx_start = .
 *(.ARM.exidx*)
                0x0000000008020918                __exidx_end = .
                0x0000000008020918                . = ALIGN (0x4)

.preinit_array  0x0000000008020918        0x0
                0x0000000008020918                . = ALIGN (0x4)
                0x0000000008020918                PROVIDE (__preinit_array_start = .)
 *(.preinit_array*)
                0x0000000008020918                PROVIDE (__preinit_array_end = .)
                0x0000000008020918                . = ALIGN (0x4)

.init_array     0x0000000008020918        0x4
                0x0000000008020918                . = ALIGN (0x4)
                0x0000000008020918                PROVIDE (__init_array_start = .)
 *(SORT_BY_NAME(.init_array.*))
 *(.init_array*)
 .init_array    0x0000000008020918        0x4 c:/st/stm32cubeide_1.8.0/stm32cubeide/plugins/com.st.stm32cube.ide.mcu.externaltools.gnu-tools-for-stm32.9-2020-q2-update.win32_2.0.0.202105311346/tools/bin/../lib/gcc/arm-none-eabi/9.3.1/thumb/v6-m/nofp/crtbegin.o
                0x000000000802091c                PROVIDE (__init_array_end = .)
                0x000000000802091c                . = ALIGN (0x4)

.fini_array     0x000000000802091c        0x4
                0x000000000802091c                . = ALIGN (0x4)
                [!provide]                        PROVIDE (__fini_array_start = .)
 *(SORT_BY_NAME(.fini_array.*))
 *(.fini_array*)
 .fini_array    0x000000000802091c        0x4 c:/st/stm32cubeide_1.8.0/stm32cubeide/plugins/com.st.stm32cube.ide.mcu.externaltools.gnu-tools-for-stm32.9-2020-q2-update.win32_2.0.0.202105311346/tools/bin/../lib/gcc/arm-none-eabi/9.3.1/thumb/v6-m/nofp/crtbegin.o
                [!provide]                        PROVIDE (__fini_array_end = .)
                0x0000000008020920                . = ALIGN (0x4)
                0x0000000008020920                _sidata = LOADADDR (.data)

.data           0x0000000020008000        0xc load address 0x0000000008020920
                0x0000000020008000                . = ALIGN (0x4)
                0x0000000020008000                _sdata = .
 *(.data)
 *(.data*)
 .data.SystemCoreClock
                0x0000000020008000        0x4 ./Common/System/system_stm32wlxx.o
                0x0000000020008000                SystemCoreClock
 .data.uwTickPrio
                0x0000000020008004        0x4 ./Drivers/STM32WLxx_HAL_Driver/stm32wlxx_hal.o
                0x0000000020008004                uwTickPrio
 .data.uwTickFreq
                0x0000000020008008        0x1 ./Drivers/STM32WLxx_HAL_Driver/stm32wlxx_hal.o
                0x0000000020008008                uwTickFreq
 *(.RamFunc)
 *(.RamFunc*)
                0x000000002000800c                . = ALIGN (0x4)
 *fill*         0x0000000020008009        0x3 
                0x000000002000800c                _edata = .

.igot.plt       0x000000002000800c        0x0 load address 0x000000000802092c
 .igot.plt      0x000000002000800c        0x0 c:/st/stm32cubeide_1.8.0/stm32cubeide/plugins/com.st.stm32cube.ide.mcu.externaltools.gnu-tools-for-stm32.9-2020-q2-update.win32_2.0.0.202105311346/tools/bin/../lib/gcc/arm-none-eabi/9.3.1/thumb/v6-m/nofp/crtbegin.o
                0x000000002000800c                . = ALIGN (0x4)

.bss            0x000000002000800c       0x20 load address 0x000000000802092c
                0x000000002000800c                _sbss = .
                0x000000002000800c                __bss_start__ = _sbss
 *(.bss)
 .bss           0x000000002000800c       0x1c c:/st/stm32cubeide_1.8.0/stm32cubeide/plugins/com.st.stm32cube.ide.mcu.externaltools.gnu-tools-for-stm32.9-2020-q2-update.win32_2.0.0.202105311346/tools/bin/../lib/gcc/arm-none-eabi/9.3.1/thumb/v6-m/nofp/crtbegin.o
 *(.bss*)
 *(COMMON)
 COMMON         0x0000000020008028        0x4 ./Drivers/STM32WLxx_HAL_Driver/stm32wlxx_hal.o
                0x0000000020008028                uwTick
                0x000000002000802c                . = ALIGN (0x4)
                0x000000002000802c                _ebss = .
                0x000000002000802c                __bss_end__ = _ebss

._user_heap_stack
                0x000000002000802c      0x604 load address 0x000000000802092c
                0x0000000020008030                . = ALIGN (0x8)
 *fill*         0x000000002000802c        0x4 
                [!provide]                        PROVIDE (end = .)
                0x0000000020008030                PROVIDE (_end = .)
                0x0000000020008230                . = (. + _Min_Heap_Size)
 *fill*         0x0000000020008030      0x200 
                0x0000000020008630                . = (. + _Min_Stack_Size)
 *fill*         0x0000000020008230      0x400 
                0x0000000020008630                . = ALIGN (0x8)

/DISCARD/
 libc.a(*)
 libm.a(*)
 libgcc.a(*)

.ARM.attributes
                0x0000000000000000       0x28
 *(.ARM.attributes)
 .ARM.attributes
                0x0000000000000000       0x1e c:/st/stm32cubeide_1.8.0/stm32cubeide/plugins/com.st.stm32cube.ide.mcu.externaltools.gnu-tools-for-stm32.9-2020-q2-update.win32_2.0.0.202105311346/tools/bin/../lib/gcc/arm-none-eabi/9.3.1/thumb/v6-m/nofp/crti.o
 .ARM.attributes
                0x000000000000001e       0x2c c:/st/stm32cubeide_1.8.0/stm32cubeide/plugins/com.st.stm32cube.ide.mcu.externaltools.gnu-tools-for-stm32.9-2020-q2-update.win32_2.0.0.202105311346/tools/bin/../lib/gcc/arm-none-eabi/9.3.1/thumb/v6-m/nofp/crtbegin.o
 .ARM.attributes
                0x000000000000004a       0x2c ./Common/System/system_stm32wlxx.o
 .ARM.attributes
                0x0000000000000076       0x2c ./Core/Src/main.o
 .ARM.attributes
                0x00000000000000a2       0x2c ./Core/Src/stm32wlxx_hal_msp.o
 .ARM.attributes
                0x00000000000000ce       0x2c ./Core/Src/stm32wlxx_it.o
 .ARM.attributes
                0x00000000000000fa       0x22 ./Core/Startup/startup_stm32wl55jcix.o
 .ARM.attributes
                0x000000000000011c       0x2c ./Drivers/STM32WLxx_HAL_Driver/stm32wlxx_hal.o
 .ARM.attributes
                0x0000000000000148       0x2c ./Drivers/STM32WLxx_HAL_Driver/stm32wlxx_hal_cortex.o
 .ARM.attributes
                0x0000000000000174       0x2c ./Drivers/STM32WLxx_HAL_Driver/stm32wlxx_hal_rcc.o
 .ARM.attributes
                0x00000000000001a0       0x2c c:/st/stm32cubeide_1.8.0/stm32cubeide/plugins/com.st.stm32cube.ide.mcu.externaltools.gnu-tools-for-stm32.9-2020-q2-update.win32_2.0.0.202105311346/tools/bin/../lib/gcc/arm-none-eabi/9.3.1/../../../../arm-none-eabi/lib/thumb/v6-m/nofp\libc_nano.a(lib_a-init.o)
 .ARM.attributes
                0x00000000000001cc       0x1e c:/st/stm32cubeide_1.8.0/stm32cubeide/plugins/com.st.stm32cube.ide.mcu.externaltools.gnu-tools-for-stm32.9-2020-q2-update.win32_2.0.0.202105311346/tools/bin/../lib/gcc/arm-none-eabi/9.3.1/thumb/v6-m/nofp\libgcc.a(_udivsi3.o)
 .ARM.attributes
                0x00000000000001ea       0x1e c:/st/stm32cubeide_1.8.0/stm32cubeide/plugins/com.st.stm32cube.ide.mcu.externaltools.gnu-tools-for-stm32.9-2020-q2-update.win32_2.0.0.202105311346/tools/bin/../lib/gcc/arm-none-eabi/9.3.1/thumb/v6-m/nofp\libgcc.a(_dvmd_tls.o)
 .ARM.attributes
                0x0000000000000208       0x1e c:/st/stm32cubeide_1.8.0/stm32cubeide/plugins/com.st.stm32cube.ide.mcu.externaltools.gnu-tools-for-stm32.9-2020-q2-update.win32_2.0.0.202105311346/tools/bin/../lib/gcc/arm-none-eabi/9.3.1/thumb/v6-m/nofp/crtn.o
OUTPUT(MyLoraBlinkytest_CM0PLUS.elf elf32-littlearm)
LOAD linker stubs
LOAD c:/st/stm32cubeide_1.8.0/stm32cubeide/plugins/com.st.stm32cube.ide.mcu.externaltools.gnu-tools-for-stm32.9-2020-q2-update.win32_2.0.0.202105311346/tools/bin/../lib/gcc/arm-none-eabi/9.3.1/../../../../arm-none-eabi/lib/thumb/v6-m/nofp\libc.a
LOAD c:/st/stm32cubeide_1.8.0/stm32cubeide/plugins/com.st.stm32cube.ide.mcu.externaltools.gnu-tools-for-stm32.9-2020-q2-update.win32_2.0.0.202105311346/tools/bin/../lib/gcc/arm-none-eabi/9.3.1/../../../../arm-none-eabi/lib/thumb/v6-m/nofp\libm.a
LOAD c:/st/stm32cubeide_1.8.0/stm32cubeide/plugins/com.st.stm32cube.ide.mcu.externaltools.gnu-tools-for-stm32.9-2020-q2-update.win32_2.0.0.202105311346/tools/bin/../lib/gcc/arm-none-eabi/9.3.1/thumb/v6-m/nofp\libgcc.a

.debug_info     0x0000000000000000     0x3dc1
 .debug_info    0x0000000000000000      0x658 ./Common/System/system_stm32wlxx.o
 .debug_info    0x0000000000000658      0x2bc ./Core/Src/main.o
 .debug_info    0x0000000000000914      0x23b ./Core/Src/stm32wlxx_hal_msp.o
 .debug_info    0x0000000000000b4f      0x283 ./Core/Src/stm32wlxx_it.o
 .debug_info    0x0000000000000dd2       0x22 ./Core/Startup/startup_stm32wl55jcix.o
 .debug_info    0x0000000000000df4      0xfe3 ./Drivers/STM32WLxx_HAL_Driver/stm32wlxx_hal.o
 .debug_info    0x0000000000001dd7      0xa85 ./Drivers/STM32WLxx_HAL_Driver/stm32wlxx_hal_cortex.o
 .debug_info    0x000000000000285c     0x1565 ./Drivers/STM32WLxx_HAL_Driver/stm32wlxx_hal_rcc.o

.debug_abbrev   0x0000000000000000      0xcd2
 .debug_abbrev  0x0000000000000000      0x187 ./Common/System/system_stm32wlxx.o
 .debug_abbrev  0x0000000000000187      0x15b ./Core/Src/main.o
 .debug_abbrev  0x00000000000002e2       0xe9 ./Core/Src/stm32wlxx_hal_msp.o
 .debug_abbrev  0x00000000000003cb      0x103 ./Core/Src/stm32wlxx_it.o
 .debug_abbrev  0x00000000000004ce       0x12 ./Core/Startup/startup_stm32wl55jcix.o
 .debug_abbrev  0x00000000000004e0      0x29a ./Drivers/STM32WLxx_HAL_Driver/stm32wlxx_hal.o
 .debug_abbrev  0x000000000000077a      0x2ab ./Drivers/STM32WLxx_HAL_Driver/stm32wlxx_hal_cortex.o
 .debug_abbrev  0x0000000000000a25      0x2ad ./Drivers/STM32WLxx_HAL_Driver/stm32wlxx_hal_rcc.o

.debug_aranges  0x0000000000000000      0x5d8
 .debug_aranges
                0x0000000000000000       0x28 ./Common/System/system_stm32wlxx.o
 .debug_aranges
                0x0000000000000028       0x38 ./Core/Src/main.o
 .debug_aranges
                0x0000000000000060       0x20 ./Core/Src/stm32wlxx_hal_msp.o
 .debug_aranges
                0x0000000000000080       0x40 ./Core/Src/stm32wlxx_it.o
 .debug_aranges
                0x00000000000000c0       0x28 ./Core/Startup/startup_stm32wl55jcix.o
 .debug_aranges
                0x00000000000000e8      0x1c0 ./Drivers/STM32WLxx_HAL_Driver/stm32wlxx_hal.o
 .debug_aranges
                0x00000000000002a8       0xd8 ./Drivers/STM32WLxx_HAL_Driver/stm32wlxx_hal_cortex.o
 .debug_aranges
                0x0000000000000380      0x258 ./Drivers/STM32WLxx_HAL_Driver/stm32wlxx_hal_rcc.o

.debug_ranges   0x0000000000000000      0x560
 .debug_ranges  0x0000000000000000       0x18 ./Common/System/system_stm32wlxx.o
 .debug_ranges  0x0000000000000018       0x28 ./Core/Src/main.o
 .debug_ranges  0x0000000000000040       0x10 ./Core/Src/stm32wlxx_hal_msp.o
 .debug_ranges  0x0000000000000050       0x30 ./Core/Src/stm32wlxx_it.o
 .debug_ranges  0x0000000000000080       0x20 ./Core/Startup/startup_stm32wl55jcix.o
 .debug_ranges  0x00000000000000a0      0x1b0 ./Drivers/STM32WLxx_HAL_Driver/stm32wlxx_hal.o
 .debug_ranges  0x0000000000000250       0xc8 ./Drivers/STM32WLxx_HAL_Driver/stm32wlxx_hal_cortex.o
 .debug_ranges  0x0000000000000318      0x248 ./Drivers/STM32WLxx_HAL_Driver/stm32wlxx_hal_rcc.o

.debug_macro    0x0000000000000000    0x18c03
 .debug_macro   0x0000000000000000      0x1e9 ./Common/System/system_stm32wlxx.o
 .debug_macro   0x00000000000001e9      0xa84 ./Common/System/system_stm32wlxx.o
 .debug_macro   0x0000000000000c6d       0x2e ./Common/System/system_stm32wlxx.o
 .debug_macro   0x0000000000000c9b       0x3a ./Common/System/system_stm32wlxx.o
 .debug_macro   0x0000000000000cd5       0x22 ./Common/System/system_stm32wlxx.o
 .debug_macro   0x0000000000000cf7       0x8e ./Common/System/system_stm32wlxx.o
 .debug_macro   0x0000000000000d85       0x51 ./Common/System/system_stm32wlxx.o
 .debug_macro   0x0000000000000dd6      0x103 ./Common/System/system_stm32wlxx.o
 .debug_macro   0x0000000000000ed9       0x6a ./Common/System/system_stm32wlxx.o
 .debug_macro   0x0000000000000f43      0x1df ./Common/System/system_stm32wlxx.o
 .debug_macro   0x0000000000001122       0x1c ./Common/System/system_stm32wlxx.o
 .debug_macro   0x000000000000113e       0x22 ./Common/System/system_stm32wlxx.o
 .debug_macro   0x0000000000001160       0xd7 ./Common/System/system_stm32wlxx.o
 .debug_macro   0x0000000000001237      0x4da ./Common/System/system_stm32wlxx.o
 .debug_macro   0x0000000000001711      0x11f ./Common/System/system_stm32wlxx.o
 .debug_macro   0x0000000000001830     0xee5f ./Common/System/system_stm32wlxx.o
 .debug_macro   0x000000000001068f       0x66 ./Common/System/system_stm32wlxx.o
 .debug_macro   0x00000000000106f5      0x11f ./Common/System/system_stm32wlxx.o
 .debug_macro   0x0000000000010814     0x33f7 ./Common/System/system_stm32wlxx.o
 .debug_macro   0x0000000000013c0b      0x174 ./Common/System/system_stm32wlxx.o
 .debug_macro   0x0000000000013d7f       0x5c ./Common/System/system_stm32wlxx.o
 .debug_macro   0x0000000000013ddb      0x417 ./Common/System/system_stm32wlxx.o
 .debug_macro   0x00000000000141f2      0x2b8 ./Common/System/system_stm32wlxx.o
 .debug_macro   0x00000000000144aa      0x384 ./Common/System/system_stm32wlxx.o
 .debug_macro   0x000000000001482e      0x197 ./Common/System/system_stm32wlxx.o
 .debug_macro   0x00000000000149c5       0x4a ./Common/System/system_stm32wlxx.o
 .debug_macro   0x0000000000014a0f      0x1fc ./Common/System/system_stm32wlxx.o
 .debug_macro   0x0000000000014c0b      0x229 ./Common/System/system_stm32wlxx.o
 .debug_macro   0x0000000000014e34      0x3e5 ./Common/System/system_stm32wlxx.o
 .debug_macro   0x0000000000015219       0x2e ./Common/System/system_stm32wlxx.o
 .debug_macro   0x0000000000015247      0x107 ./Common/System/system_stm32wlxx.o
 .debug_macro   0x000000000001534e      0x1b4 ./Common/System/system_stm32wlxx.o
 .debug_macro   0x0000000000015502       0xe7 ./Common/System/system_stm32wlxx.o
 .debug_macro   0x00000000000155e9      0x283 ./Common/System/system_stm32wlxx.o
 .debug_macro   0x000000000001586c      0x133 ./Common/System/system_stm32wlxx.o
 .debug_macro   0x000000000001599f      0x370 ./Common/System/system_stm32wlxx.o
 .debug_macro   0x0000000000015d0f      0x683 ./Common/System/system_stm32wlxx.o
 .debug_macro   0x0000000000016392      0x20e ./Common/System/system_stm32wlxx.o
 .debug_macro   0x00000000000165a0      0xf7c ./Common/System/system_stm32wlxx.o
 .debug_macro   0x000000000001751c      0x136 ./Common/System/system_stm32wlxx.o
 .debug_macro   0x0000000000017652      0x2db ./Common/System/system_stm32wlxx.o
 .debug_macro   0x000000000001792d      0x3a3 ./Common/System/system_stm32wlxx.o
 .debug_macro   0x0000000000017cd0      0x317 ./Common/System/system_stm32wlxx.o
 .debug_macro   0x0000000000017fe7      0x1f3 ./Core/Src/main.o
 .debug_macro   0x00000000000181da      0x1f3 ./Core/Src/stm32wlxx_hal_msp.o
 .debug_macro   0x00000000000183cd      0x1fd ./Core/Src/stm32wlxx_it.o
 .debug_macro   0x00000000000185ca      0x20d ./Drivers/STM32WLxx_HAL_Driver/stm32wlxx_hal.o
 .debug_macro   0x00000000000187d7      0x1e9 ./Drivers/STM32WLxx_HAL_Driver/stm32wlxx_hal_cortex.o
 .debug_macro   0x00000000000189c0      0x243 ./Drivers/STM32WLxx_HAL_Driver/stm32wlxx_hal_rcc.o

.debug_line     0x0000000000000000     0x557c
 .debug_line    0x0000000000000000      0x7de ./Common/System/system_stm32wlxx.o
 .debug_line    0x00000000000007de      0x755 ./Core/Src/main.o
 .debug_line    0x0000000000000f33      0x709 ./Core/Src/stm32wlxx_hal_msp.o
 .debug_line    0x000000000000163c      0x772 ./Core/Src/stm32wlxx_it.o
 .debug_line    0x0000000000001dae       0x89 ./Core/Startup/startup_stm32wl55jcix.o
 .debug_line    0x0000000000001e37      0xf6d ./Drivers/STM32WLxx_HAL_Driver/stm32wlxx_hal.o
 .debug_line    0x0000000000002da4      0xce1 ./Drivers/STM32WLxx_HAL_Driver/stm32wlxx_hal_cortex.o
 .debug_line    0x0000000000003a85     0x1af7 ./Drivers/STM32WLxx_HAL_Driver/stm32wlxx_hal_rcc.o

.debug_str      0x0000000000000000    0x9db56
 .debug_str     0x0000000000000000    0x9c121 ./Common/System/system_stm32wlxx.o
                                      0x9c6ef (size before relaxing)
 .debug_str     0x000000000009c121       0x5e ./Core/Src/main.o
                                      0x9c49d (size before relaxing)
 .debug_str     0x000000000009c17f       0x2c ./Core/Src/stm32wlxx_hal_msp.o
                                      0x9c470 (size before relaxing)
 .debug_str     0x000000000009c1ab       0x76 ./Core/Src/stm32wlxx_it.o
                                      0x9c4ba (size before relaxing)
 .debug_str     0x000000000009c221       0x36 ./Core/Startup/startup_stm32wl55jcix.o
                                         0x82 (size before relaxing)
 .debug_str     0x000000000009c257      0x988 ./Drivers/STM32WLxx_HAL_Driver/stm32wlxx_hal.o
                                      0x9d027 (size before relaxing)
 .debug_str     0x000000000009cbdf      0x30a ./Drivers/STM32WLxx_HAL_Driver/stm32wlxx_hal_cortex.o
                                      0x9ca74 (size before relaxing)
 .debug_str     0x000000000009cee9      0xc6d ./Drivers/STM32WLxx_HAL_Driver/stm32wlxx_hal_rcc.o
                                      0x9d370 (size before relaxing)

.comment        0x0000000000000000       0x53
 .comment       0x0000000000000000       0x53 ./Common/System/system_stm32wlxx.o
                                         0x54 (size before relaxing)
 .comment       0x0000000000000053       0x54 ./Core/Src/main.o
 .comment       0x0000000000000053       0x54 ./Core/Src/stm32wlxx_hal_msp.o
 .comment       0x0000000000000053       0x54 ./Core/Src/stm32wlxx_it.o
 .comment       0x0000000000000053       0x54 ./Drivers/STM32WLxx_HAL_Driver/stm32wlxx_hal.o
 .comment       0x0000000000000053       0x54 ./Drivers/STM32WLxx_HAL_Driver/stm32wlxx_hal_cortex.o
 .comment       0x0000000000000053       0x54 ./Drivers/STM32WLxx_HAL_Driver/stm32wlxx_hal_rcc.o

.debug_frame    0x0000000000000000     0x1394
 .debug_frame   0x0000000000000000       0x4c ./Common/System/system_stm32wlxx.o
 .debug_frame   0x000000000000004c       0x84 ./Core/Src/main.o
 .debug_frame   0x00000000000000d0       0x2c ./Core/Src/stm32wlxx_hal_msp.o
 .debug_frame   0x00000000000000fc       0x9c ./Core/Src/stm32wlxx_it.o
 .debug_frame   0x0000000000000198      0x658 ./Drivers/STM32WLxx_HAL_Driver/stm32wlxx_hal.o
 .debug_frame   0x00000000000007f0      0x2fc ./Drivers/STM32WLxx_HAL_Driver/stm32wlxx_hal_cortex.o
 .debug_frame   0x0000000000000aec      0x85c ./Drivers/STM32WLxx_HAL_Driver/stm32wlxx_hal_rcc.o
 .debug_frame   0x0000000000001348       0x2c c:/st/stm32cubeide_1.8.0/stm32cubeide/plugins/com.st.stm32cube.ide.mcu.externaltools.gnu-tools-for-stm32.9-2020-q2-update.win32_2.0.0.202105311346/tools/bin/../lib/gcc/arm-none-eabi/9.3.1/../../../../arm-none-eabi/lib/thumb/v6-m/nofp\libc_nano.a(lib_a-init.o)
 .debug_frame   0x0000000000001374       0x20 c:/st/stm32cubeide_1.8.0/stm32cubeide/plugins/com.st.stm32cube.ide.mcu.externaltools.gnu-tools-for-stm32.9-2020-q2-update.win32_2.0.0.202105311346/tools/bin/../lib/gcc/arm-none-eabi/9.3.1/thumb/v6-m/nofp\libgcc.a(_udivsi3.o)
