stm32wlxx_ll_rcc.h:1258:22:LL_RCC_LSE_SetDriveCapability	16	static
stm32wlxx_ll_bus.h:449:22:LL_AHB2_GRP1_EnableClock	24	static
main.c:68:5:buffer_was_rein	16	static
main.c:83:5:buffer_was_raus	16	static
main.c:96:6:shine_green	16	static
main.c:101:6:shine_blue	16	static
main.c:106:6:shine_red	16	static
main.c:110:6:shine_all_leds	16	static
main.c:119:6:idle_lauflicht	16	static
main.c:146:6:interrupt_for_blue	24	static
main.c:154:6:interrupt_for_green	24	static
main.c:162:6:interrupt_for_red	24	static
main.c:169:6:run_lora_run	8	static
main.c:197:5:main	8	static
main.c:242:7:HAL_GPIO_EXTI_Callback	16	static
main.c:254:6:SystemClock_Config	112	static
main.c:307:13:MX_USART2_UART_Init	8	static
main.c:355:13:MX_GPIO_Init	32	static
main.c:406:6:Error_Handler	4	static,ignoring_inline_asm
main.c:425:6:assert_failed	16	static
